// Jest Snapshot v1, https://goo.gl/fbAQLP

exports[`render banner suite empty banner suite 1`] = `null`;
