// Jest Snapshot v1, https://goo.gl/fbAQLP

exports[`render button empty 1`] = `
<a
  class="vxteaser-button"
/>
`;

exports[`render button with props 1`] = `
<a
  class="vxteaser-button vxteaser-bg-color--primary"
>
  This is button
</a>
`;
