// Jest Snapshot v1, https://goo.gl/fbAQLP

exports[`render button empty 1`] = `
<div
  class="vxteaser-control--close"
/>
`;
