// Jest Snapshot v1, https://goo.gl/fbAQLP

exports[`render picture default 1`] = `
<img
  class="vxteaser-image -big-pic"
/>
`;
