// Jest Snapshot v1, https://goo.gl/fbAQLP

exports[`render link with content 1`] = `
<a
  className="vxteaser-color--highlight js-link"
  onClick={[Function]}
>
  Link content
</a>
`;
