// Jest Snapshot v1, https://goo.gl/fbAQLP

exports[`render panel group with content 1`] = `
<div
  class="vxteaser-panel-group"
>
  Content
</div>
`;
