// Jest Snapshot v1, https://goo.gl/fbAQLP

exports[`render skew panel group with content 1`] = `
<div
  className="vxteaser-panel-group first"
>
  <div
    className="vxteaser-skew"
    style={
      Object {
        "width": "55%",
      }
    }
  />
  Content
</div>
`;
