// Jest Snapshot v1, https://goo.gl/fbAQLP

exports[`render common span with content 1`] = `
<span
  class="testclass"
  style="position: absolute; top: 10%; left: 20%;"
>
  This is the text!
</span>
`;
